Copyright 1986-2022 Xilinx, Inc. All Rights Reserved. Copyright 2022-2025 Advanced Micro Devices, Inc. All Rights Reserved.
--------------------------------------------------------------------------------------------------------------------------------------------------------------------
| Tool Version : Vivado v.2025.2 (win64) Build 6299465 Fri Nov 14 19:35:11 GMT 2025
| Date         : Thu Jun 11 09:37:17 2026
| Host         : HP running 64-bit major release  (build 9200)
| Command      : report_methodology -file STA_Timing_methodology_drc_routed.rpt -pb STA_Timing_methodology_drc_routed.pb -rpx STA_Timing_methodology_drc_routed.rpx
| Design       : STA_Timing
| Device       : xc7a100tcsg324-1
| Speed File   : -1
| Design State : Fully Routed
--------------------------------------------------------------------------------------------------------------------------------------------------------------------

Report Methodology

Table of Contents
-----------------
1. REPORT SUMMARY
2. REPORT DETAILS

1. REPORT SUMMARY
-----------------
            Netlist: netlist
          Floorplan: design_1
      Design limits: <entire design considered>
             Max checks: <unlimited>
             Checks found: 51
+---------+----------+------------------------------------------+--------+
| Rule    | Severity | Description                              | Checks |
+---------+----------+------------------------------------------+--------+
| SYNTH-9 | Warning  | Small multiplier                         | 10     |
| XDCH-2  | Warning  | Same min and max delay values on IO port | 41     |
+---------+----------+------------------------------------------+--------+

2. REPORT DETAILS
-----------------
SYNTH-9#1 Warning
Small multiplier  
Detected multiplier at stage2_mult_reg[10]_i_1 of size 8x8, it is implemented as LUTs due to its small size. To force the multiplier onto a DSP block, use the USE_DSP48 attribute.
Related violations: <none>

SYNTH-9#2 Warning
Small multiplier  
Detected multiplier at stage2_mult_reg[10]_i_13 of size 8x8, it is implemented as LUTs due to its small size. To force the multiplier onto a DSP block, use the USE_DSP48 attribute.
Related violations: <none>

SYNTH-9#3 Warning
Small multiplier  
Detected multiplier at stage2_mult_reg[10]_i_14 of size 8x8, it is implemented as LUTs due to its small size. To force the multiplier onto a DSP block, use the USE_DSP48 attribute.
Related violations: <none>

SYNTH-9#4 Warning
Small multiplier  
Detected multiplier at stage2_mult_reg[14]_i_1 of size 8x8, it is implemented as LUTs due to its small size. To force the multiplier onto a DSP block, use the USE_DSP48 attribute.
Related violations: <none>

SYNTH-9#5 Warning
Small multiplier  
Detected multiplier at stage2_mult_reg[14]_i_21 of size 8x8, it is implemented as LUTs due to its small size. To force the multiplier onto a DSP block, use the USE_DSP48 attribute.
Related violations: <none>

SYNTH-9#6 Warning
Small multiplier  
Detected multiplier at stage2_mult_reg[15]_i_1 of size 8x8, it is implemented as LUTs due to its small size. To force the multiplier onto a DSP block, use the USE_DSP48 attribute.
Related violations: <none>

SYNTH-9#7 Warning
Small multiplier  
Detected multiplier at stage2_mult_reg[15]_i_3 of size 8x8, it is implemented as LUTs due to its small size. To force the multiplier onto a DSP block, use the USE_DSP48 attribute.
Related violations: <none>

SYNTH-9#8 Warning
Small multiplier  
Detected multiplier at stage2_mult_reg[2]_i_1 of size 8x8, it is implemented as LUTs due to its small size. To force the multiplier onto a DSP block, use the USE_DSP48 attribute.
Related violations: <none>

SYNTH-9#9 Warning
Small multiplier  
Detected multiplier at stage2_mult_reg[6]_i_1 of size 8x8, it is implemented as LUTs due to its small size. To force the multiplier onto a DSP block, use the USE_DSP48 attribute.
Related violations: <none>

SYNTH-9#10 Warning
Small multiplier  
Detected multiplier at stage2_mult_reg[6]_i_3 of size 8x8, it is implemented as LUTs due to its small size. To force the multiplier onto a DSP block, use the USE_DSP48 attribute.
Related violations: <none>

XDCH-2#1 Warning
Same min and max delay values on IO port  
The same input delay of 2.000 ns has been defined on port 'a[0]' relative to clock clk for both max and min. Make sure this reflects the design intent.
set_input_delay -clock clk 2.000 [get_ports {a[*]}]
D:/internspark-internship/Task-3/constraints.xdc (Line: 5)
Related violations: <none>

XDCH-2#2 Warning
Same min and max delay values on IO port  
The same input delay of 2.000 ns has been defined on port 'a[1]' relative to clock clk for both max and min. Make sure this reflects the design intent.
set_input_delay -clock clk 2.000 [get_ports {a[*]}]
D:/internspark-internship/Task-3/constraints.xdc (Line: 5)
Related violations: <none>

XDCH-2#3 Warning
Same min and max delay values on IO port  
The same input delay of 2.000 ns has been defined on port 'a[2]' relative to clock clk for both max and min. Make sure this reflects the design intent.
set_input_delay -clock clk 2.000 [get_ports {a[*]}]
D:/internspark-internship/Task-3/constraints.xdc (Line: 5)
Related violations: <none>

XDCH-2#4 Warning
Same min and max delay values on IO port  
The same input delay of 2.000 ns has been defined on port 'a[3]' relative to clock clk for both max and min. Make sure this reflects the design intent.
set_input_delay -clock clk 2.000 [get_ports {a[*]}]
D:/internspark-internship/Task-3/constraints.xdc (Line: 5)
Related violations: <none>

XDCH-2#5 Warning
Same min and max delay values on IO port  
The same input delay of 2.000 ns has been defined on port 'a[4]' relative to clock clk for both max and min. Make sure this reflects the design intent.
set_input_delay -clock clk 2.000 [get_ports {a[*]}]
D:/internspark-internship/Task-3/constraints.xdc (Line: 5)
Related violations: <none>

XDCH-2#6 Warning
Same min and max delay values on IO port  
The same input delay of 2.000 ns has been defined on port 'a[5]' relative to clock clk for both max and min. Make sure this reflects the design intent.
set_input_delay -clock clk 2.000 [get_ports {a[*]}]
D:/internspark-internship/Task-3/constraints.xdc (Line: 5)
Related violations: <none>

XDCH-2#7 Warning
Same min and max delay values on IO port  
The same input delay of 2.000 ns has been defined on port 'a[6]' relative to clock clk for both max and min. Make sure this reflects the design intent.
set_input_delay -clock clk 2.000 [get_ports {a[*]}]
D:/internspark-internship/Task-3/constraints.xdc (Line: 5)
Related violations: <none>

XDCH-2#8 Warning
Same min and max delay values on IO port  
The same input delay of 2.000 ns has been defined on port 'a[7]' relative to clock clk for both max and min. Make sure this reflects the design intent.
set_input_delay -clock clk 2.000 [get_ports {a[*]}]
D:/internspark-internship/Task-3/constraints.xdc (Line: 5)
Related violations: <none>

XDCH-2#9 Warning
Same min and max delay values on IO port  
The same input delay of 2.000 ns has been defined on port 'b[0]' relative to clock clk for both max and min. Make sure this reflects the design intent.
set_input_delay -clock clk 2.000 [get_ports {b[*]}]
D:/internspark-internship/Task-3/constraints.xdc (Line: 6)
Related violations: <none>

XDCH-2#10 Warning
Same min and max delay values on IO port  
The same input delay of 2.000 ns has been defined on port 'b[1]' relative to clock clk for both max and min. Make sure this reflects the design intent.
set_input_delay -clock clk 2.000 [get_ports {b[*]}]
D:/internspark-internship/Task-3/constraints.xdc (Line: 6)
Related violations: <none>

XDCH-2#11 Warning
Same min and max delay values on IO port  
The same input delay of 2.000 ns has been defined on port 'b[2]' relative to clock clk for both max and min. Make sure this reflects the design intent.
set_input_delay -clock clk 2.000 [get_ports {b[*]}]
D:/internspark-internship/Task-3/constraints.xdc (Line: 6)
Related violations: <none>

XDCH-2#12 Warning
Same min and max delay values on IO port  
The same input delay of 2.000 ns has been defined on port 'b[3]' relative to clock clk for both max and min. Make sure this reflects the design intent.
set_input_delay -clock clk 2.000 [get_ports {b[*]}]
D:/internspark-internship/Task-3/constraints.xdc (Line: 6)
Related violations: <none>

XDCH-2#13 Warning
Same min and max delay values on IO port  
The same input delay of 2.000 ns has been defined on port 'b[4]' relative to clock clk for both max and min. Make sure this reflects the design intent.
set_input_delay -clock clk 2.000 [get_ports {b[*]}]
D:/internspark-internship/Task-3/constraints.xdc (Line: 6)
Related violations: <none>

XDCH-2#14 Warning
Same min and max delay values on IO port  
The same input delay of 2.000 ns has been defined on port 'b[5]' relative to clock clk for both max and min. Make sure this reflects the design intent.
set_input_delay -clock clk 2.000 [get_ports {b[*]}]
D:/internspark-internship/Task-3/constraints.xdc (Line: 6)
Related violations: <none>

XDCH-2#15 Warning
Same min and max delay values on IO port  
The same input delay of 2.000 ns has been defined on port 'b[6]' relative to clock clk for both max and min. Make sure this reflects the design intent.
set_input_delay -clock clk 2.000 [get_ports {b[*]}]
D:/internspark-internship/Task-3/constraints.xdc (Line: 6)
Related violations: <none>

XDCH-2#16 Warning
Same min and max delay values on IO port  
The same input delay of 2.000 ns has been defined on port 'b[7]' relative to clock clk for both max and min. Make sure this reflects the design intent.
set_input_delay -clock clk 2.000 [get_ports {b[*]}]
D:/internspark-internship/Task-3/constraints.xdc (Line: 6)
Related violations: <none>

XDCH-2#17 Warning
Same min and max delay values on IO port  
The same input delay of 2.000 ns has been defined on port 'c[0]' relative to clock clk for both max and min. Make sure this reflects the design intent.
set_input_delay -clock clk 2.000 [get_ports {c[*]}]
D:/internspark-internship/Task-3/constraints.xdc (Line: 7)
Related violations: <none>

XDCH-2#18 Warning
Same min and max delay values on IO port  
The same input delay of 2.000 ns has been defined on port 'c[1]' relative to clock clk for both max and min. Make sure this reflects the design intent.
set_input_delay -clock clk 2.000 [get_ports {c[*]}]
D:/internspark-internship/Task-3/constraints.xdc (Line: 7)
Related violations: <none>

XDCH-2#19 Warning
Same min and max delay values on IO port  
The same input delay of 2.000 ns has been defined on port 'c[2]' relative to clock clk for both max and min. Make sure this reflects the design intent.
set_input_delay -clock clk 2.000 [get_ports {c[*]}]
D:/internspark-internship/Task-3/constraints.xdc (Line: 7)
Related violations: <none>

XDCH-2#20 Warning
Same min and max delay values on IO port  
The same input delay of 2.000 ns has been defined on port 'c[3]' relative to clock clk for both max and min. Make sure this reflects the design intent.
set_input_delay -clock clk 2.000 [get_ports {c[*]}]
D:/internspark-internship/Task-3/constraints.xdc (Line: 7)
Related violations: <none>

XDCH-2#21 Warning
Same min and max delay values on IO port  
The same input delay of 2.000 ns has been defined on port 'c[4]' relative to clock clk for both max and min. Make sure this reflects the design intent.
set_input_delay -clock clk 2.000 [get_ports {c[*]}]
D:/internspark-internship/Task-3/constraints.xdc (Line: 7)
Related violations: <none>

XDCH-2#22 Warning
Same min and max delay values on IO port  
The same input delay of 2.000 ns has been defined on port 'c[5]' relative to clock clk for both max and min. Make sure this reflects the design intent.
set_input_delay -clock clk 2.000 [get_ports {c[*]}]
D:/internspark-internship/Task-3/constraints.xdc (Line: 7)
Related violations: <none>

XDCH-2#23 Warning
Same min and max delay values on IO port  
The same input delay of 2.000 ns has been defined on port 'c[6]' relative to clock clk for both max and min. Make sure this reflects the design intent.
set_input_delay -clock clk 2.000 [get_ports {c[*]}]
D:/internspark-internship/Task-3/constraints.xdc (Line: 7)
Related violations: <none>

XDCH-2#24 Warning
Same min and max delay values on IO port  
The same input delay of 2.000 ns has been defined on port 'c[7]' relative to clock clk for both max and min. Make sure this reflects the design intent.
set_input_delay -clock clk 2.000 [get_ports {c[*]}]
D:/internspark-internship/Task-3/constraints.xdc (Line: 7)
Related violations: <none>

XDCH-2#25 Warning
Same min and max delay values on IO port  
The same input delay of 2.000 ns has been defined on port 'rst' relative to clock clk for both max and min. Make sure this reflects the design intent.
set_input_delay -clock clk 2.000 [get_ports rst]
D:/internspark-internship/Task-3/constraints.xdc (Line: 8)
Related violations: <none>

XDCH-2#26 Warning
Same min and max delay values on IO port  
The same output delay of 2.000 ns has been defined on port 'result[0]' relative to clock clk for both max and min. Make sure this reflects the design intent.
set_output_delay -clock clk 2.000 [get_ports {result[*]}]
D:/internspark-internship/Task-3/constraints.xdc (Line: 11)
Related violations: <none>

XDCH-2#27 Warning
Same min and max delay values on IO port  
The same output delay of 2.000 ns has been defined on port 'result[10]' relative to clock clk for both max and min. Make sure this reflects the design intent.
set_output_delay -clock clk 2.000 [get_ports {result[*]}]
D:/internspark-internship/Task-3/constraints.xdc (Line: 11)
Related violations: <none>

XDCH-2#28 Warning
Same min and max delay values on IO port  
The same output delay of 2.000 ns has been defined on port 'result[11]' relative to clock clk for both max and min. Make sure this reflects the design intent.
set_output_delay -clock clk 2.000 [get_ports {result[*]}]
D:/internspark-internship/Task-3/constraints.xdc (Line: 11)
Related violations: <none>

XDCH-2#29 Warning
Same min and max delay values on IO port  
The same output delay of 2.000 ns has been defined on port 'result[12]' relative to clock clk for both max and min. Make sure this reflects the design intent.
set_output_delay -clock clk 2.000 [get_ports {result[*]}]
D:/internspark-internship/Task-3/constraints.xdc (Line: 11)
Related violations: <none>

XDCH-2#30 Warning
Same min and max delay values on IO port  
The same output delay of 2.000 ns has been defined on port 'result[13]' relative to clock clk for both max and min. Make sure this reflects the design intent.
set_output_delay -clock clk 2.000 [get_ports {result[*]}]
D:/internspark-internship/Task-3/constraints.xdc (Line: 11)
Related violations: <none>

XDCH-2#31 Warning
Same min and max delay values on IO port  
The same output delay of 2.000 ns has been defined on port 'result[14]' relative to clock clk for both max and min. Make sure this reflects the design intent.
set_output_delay -clock clk 2.000 [get_ports {result[*]}]
D:/internspark-internship/Task-3/constraints.xdc (Line: 11)
Related violations: <none>

XDCH-2#32 Warning
Same min and max delay values on IO port  
The same output delay of 2.000 ns has been defined on port 'result[15]' relative to clock clk for both max and min. Make sure this reflects the design intent.
set_output_delay -clock clk 2.000 [get_ports {result[*]}]
D:/internspark-internship/Task-3/constraints.xdc (Line: 11)
Related violations: <none>

XDCH-2#33 Warning
Same min and max delay values on IO port  
The same output delay of 2.000 ns has been defined on port 'result[1]' relative to clock clk for both max and min. Make sure this reflects the design intent.
set_output_delay -clock clk 2.000 [get_ports {result[*]}]
D:/internspark-internship/Task-3/constraints.xdc (Line: 11)
Related violations: <none>

XDCH-2#34 Warning
Same min and max delay values on IO port  
The same output delay of 2.000 ns has been defined on port 'result[2]' relative to clock clk for both max and min. Make sure this reflects the design intent.
set_output_delay -clock clk 2.000 [get_ports {result[*]}]
D:/internspark-internship/Task-3/constraints.xdc (Line: 11)
Related violations: <none>

XDCH-2#35 Warning
Same min and max delay values on IO port  
The same output delay of 2.000 ns has been defined on port 'result[3]' relative to clock clk for both max and min. Make sure this reflects the design intent.
set_output_delay -clock clk 2.000 [get_ports {result[*]}]
D:/internspark-internship/Task-3/constraints.xdc (Line: 11)
Related violations: <none>

XDCH-2#36 Warning
Same min and max delay values on IO port  
The same output delay of 2.000 ns has been defined on port 'result[4]' relative to clock clk for both max and min. Make sure this reflects the design intent.
set_output_delay -clock clk 2.000 [get_ports {result[*]}]
D:/internspark-internship/Task-3/constraints.xdc (Line: 11)
Related violations: <none>

XDCH-2#37 Warning
Same min and max delay values on IO port  
The same output delay of 2.000 ns has been defined on port 'result[5]' relative to clock clk for both max and min. Make sure this reflects the design intent.
set_output_delay -clock clk 2.000 [get_ports {result[*]}]
D:/internspark-internship/Task-3/constraints.xdc (Line: 11)
Related violations: <none>

XDCH-2#38 Warning
Same min and max delay values on IO port  
The same output delay of 2.000 ns has been defined on port 'result[6]' relative to clock clk for both max and min. Make sure this reflects the design intent.
set_output_delay -clock clk 2.000 [get_ports {result[*]}]
D:/internspark-internship/Task-3/constraints.xdc (Line: 11)
Related violations: <none>

XDCH-2#39 Warning
Same min and max delay values on IO port  
The same output delay of 2.000 ns has been defined on port 'result[7]' relative to clock clk for both max and min. Make sure this reflects the design intent.
set_output_delay -clock clk 2.000 [get_ports {result[*]}]
D:/internspark-internship/Task-3/constraints.xdc (Line: 11)
Related violations: <none>

XDCH-2#40 Warning
Same min and max delay values on IO port  
The same output delay of 2.000 ns has been defined on port 'result[8]' relative to clock clk for both max and min. Make sure this reflects the design intent.
set_output_delay -clock clk 2.000 [get_ports {result[*]}]
D:/internspark-internship/Task-3/constraints.xdc (Line: 11)
Related violations: <none>

XDCH-2#41 Warning
Same min and max delay values on IO port  
The same output delay of 2.000 ns has been defined on port 'result[9]' relative to clock clk for both max and min. Make sure this reflects the design intent.
set_output_delay -clock clk 2.000 [get_ports {result[*]}]
D:/internspark-internship/Task-3/constraints.xdc (Line: 11)
Related violations: <none>


